[interno-template.webflow.io/index.html]
[backblue.gif]
[fade.gif]
[index.html]
[uploads-ssl.webflow.com/6194e0af852e05a5be106504/css/interno-template.webflow.df0001938.min.css]
[ajax.googleapis.com/ajax/libs/webfont/1.6.26/webfont.js]
[uploads-ssl.webflow.com/6194e0af852e05a5be106504/61c01137ce98a30a305516a8_interno-favicon.png]
[interno-template.webflow.io/about-us.html]
[interno-template.webflow.io/services.html]
[interno-template.webflow.io/our-projects.html]
[interno-template.webflow.io/professionals.html]
[interno-template.webflow.io/services-single.html]
[interno-template.webflow.io/pricing-plan.html]
[interno-template.webflow.io/blog.html]
[interno-template.webflow.io/faq.html]
[interno-template.webflow.io/contact-us.html]
[uploads-ssl.webflow.com/6194e0af852e05a5be106504/619b30656e76565ea79f29e5_intro-image.jpg]
[uploads-ssl.webflow.com/6194e0af852e05a5be106504/61a5d70ad9b5876274e17016_client-image-1.jpg]
[uploads-ssl.webflow.com/6194e0af852e05a5be106504/61a5d70a4d252373e66ee1cb_client-image-3.jpg]
[uploads-ssl.webflow.com/6194e0af852e05a5be106504/61a5d70a990fade56fd885a7_client-image-2.jpg]
[interno-template.webflow.io/project/winery-dry-creek-building.html]
[uploads-ssl.webflow.com/619cc60416b9688293f54eda/61a1dcfbe7008298f5887664_project-image-1.jpg]
[interno-template.webflow.io/project-categories/art-modern.html]
[interno-template.webflow.io/project/creative-workplace-design.html]
[uploads-ssl.webflow.com/619cc60416b9688293f54eda/61a1dd05b4f9a181178c70b9_project-image-2.jpg]
[interno-template.webflow.io/project-categories/minimalist.html]
[interno-template.webflow.io/project/bedroom-interior-pot-work.html]
[uploads-ssl.webflow.com/619cc60416b9688293f54eda/61a1dd10e8f59f8f8287319f_project-image-3.jpg]
[interno-template.webflow.io/project-categories/modern.html]
[interno-template.webflow.io/project/light-ambience-sepia-design.html]
[uploads-ssl.webflow.com/619cc60416b9688293f54eda/61a1dd203305d3906782aa29_project-image-4.jpg]
[interno-template.webflow.io/project-categories/scandinavian.html]
[interno-template.webflow.io/post/residential-interior-designer-in-new-york-usa.html]
[uploads-ssl.webflow.com/619cc60416b9688293f54eda/61a1bd92c0eccd5cd71645fc_blog-image-small-1.jpg]
[interno-template.webflow.io/category/kitchen-design.html]
[interno-template.webflow.io/post/how-to-choose-the-best-wall-art-decor-house.html]
[uploads-ssl.webflow.com/619cc60416b9688293f54eda/61a1bdadb2eb07c93e396d9e_blog-image-small-2.jpg]
[interno-template.webflow.io/category/living-room.html]
[interno-template.webflow.io/post/tips-to-increase-the-interior-value-of-your-house.html]
[uploads-ssl.webflow.com/619cc60416b9688293f54eda/61a1bdc5798f2d3af13d1966_blog-image-small-3.jpg]
[interno-template.webflow.io/category/minimalist-interior.html]
[interno-template.webflow.io/post/best-solution-for-any-office-business-interior.html]
[uploads-ssl.webflow.com/619cc60416b9688293f54eda/61a1bddb4a0a5378ab7d1199_blog-image-small-4.jpg]
[interno-template.webflow.io/post/get-solution-for-building-construction-work-.html]
[uploads-ssl.webflow.com/619cc60416b9688293f54eda/61a1bdf7191af40ae1c06fca_blog-image-small-5.jpg]
[interno-template.webflow.io/post/attain-the-best-finish-for-the-kitchen-cabinets.html]
[uploads-ssl.webflow.com/619cc60416b9688293f54eda/61a1be0da80aaec1a0c172c4_blog-image-small-6.jpg]
[interno-template.webflow.io/style-guide.html]
[interno-template.webflow.io/licenses.html]
[interno-template.webflow.io/changelog.html]
[d3e54v103j8qbb.cloudfront.net/js/jquery-3.5.1.min.dc5e7f18c84ff0.js]
[interno-template.webflow.io/index.html]
[uploads-ssl.webflow.com/6194e0af852e05a5be106504/css/interno-template.webflow.df0001938.min.css]
[uploads-ssl.webflow.com/6194e0af852e05a5be106504/js/webflow.925016b2a.js]
[uploads-ssl.webflow.com/6194e0af852e05a5be106504/61a600b45f1c4532372507aa_compare-image-1.jpg]
[uploads-ssl.webflow.com/6194e0af852e05a5be106504/61a600b4d5a82c480f1f5450_compare-image-2.jpg]
[uploads-ssl.webflow.com/6194e0af852e05a5be106504/61a1f22f3d891840a3cc7e9a_team-image-one.jpg]
[uploads-ssl.webflow.com/6194e0af852e05a5be106504/61a1fefa765819168f07363c_team-image-two.jpg]
[uploads-ssl.webflow.com/6194e0af852e05a5be106504/61a1fefa3d89184c52ccdebe_team-image-eight.jpg]
[uploads-ssl.webflow.com/6194e0af852e05a5be106504/61a1fefa798f2d6d723eb2e1_team-image-three.jpg]
[interno-template.webflow.io/about-us.html]
[uploads-ssl.webflow.com/6194e0af852e05a5be106504/619b7a5b53ed814f07583fd7_process-image-one.jpg]
[uploads-ssl.webflow.com/6194e0af852e05a5be106504/619b7a5c32c6b08f8177ce33_process-image-two.jpg]
[uploads-ssl.webflow.com/6194e0af852e05a5be106504/619b7a5c24a31d4181e57f43_process-image-three.jpg]
[uploads-ssl.webflow.com/6194e0af852e05a5be106504/619b7a5b246619f89abea101_process-image-four.jpg]
[interno-template.webflow.io/services.html]
[uploads-ssl.webflow.com/619cc60416b9688293f54eda/61a1dd2a426c5e8a217e22aa_project-image-5.jpg]
[uploads-ssl.webflow.com/619cc60416b9688293f54eda/61a1dd33f3292593cc54b3db_project-image-6.jpg]
[interno-template.webflow.io/our-projects.html]
[uploads-ssl.webflow.com/6194e0af852e05a5be106504/61a7091dfafd9a021777b329_team-image-ten.jpg]
[uploads-ssl.webflow.com/6194e0af852e05a5be106504/61a1fefa78986aa9135fe867_team-image-five.jpg]
[uploads-ssl.webflow.com/6194e0af852e05a5be106504/61a1fef9a2db7e33c8558996_team-image-six.jpg]
[uploads-ssl.webflow.com/6194e0af852e05a5be106504/61a1fefab2eb07ae773b4c13_team-image-seven.jpg]
[interno-template.webflow.io/professionals.html]
[uploads-ssl.webflow.com/6194e0af852e05a5be106504/619b8c6734b8280d6490c794_about-image-3.jpg]
[interno-template.webflow.io/services-single.html]
[interno-template.webflow.io/pricing-plan.html]
[interno-template.webflow.io/blog.html]
[uploads-ssl.webflow.com/6194e0af852e05a5be106504/61a5f2c8cdc9cec0161fe8d9_faq-image-2.jpg]
[uploads-ssl.webflow.com/6194e0af852e05a5be106504/61a5f2c885db57eb2ccdb983_faq-image-1.jpg]
[interno-template.webflow.io/faq.html]
[interno-template.webflow.io/contact-us.html]
[uploads-ssl.webflow.com/619cc60416b9688293f54eda/61a1e98f65af7a8052d3027f_project-single-image.jpg]
[interno-template.webflow.io/project/winery-dry-creek-building.html]
[interno-template.webflow.io/project-categories/art-modern.html]
[interno-template.webflow.io/project/creative-workplace-design.html]
[interno-template.webflow.io/project-categories/minimalist.html]
[interno-template.webflow.io/project/bedroom-interior-pot-work.html]
[interno-template.webflow.io/project-categories/modern.html]
[interno-template.webflow.io/project/light-ambience-sepia-design.html]
[interno-template.webflow.io/project-categories/scandinavian.html]
[uploads-ssl.webflow.com/619cc60416b9688293f54eda/61a1bd9831edf9851228e1f1_blog-image-large-1.jpg]
[interno-template.webflow.io/post/residential-interior-designer-in-new-york-usa.html]
[interno-template.webflow.io/category/kitchen-design.html]
[uploads-ssl.webflow.com/619cc60416b9688293f54eda/61a1bdb38f5267d87f8fa617_blog-image-large-2.jpg]
[interno-template.webflow.io/post/how-to-choose-the-best-wall-art-decor-house.html]
[interno-template.webflow.io/category/living-room.html]
[uploads-ssl.webflow.com/619cc60416b9688293f54eda/61a1bdcbfb8e21011214fd01_blog-image-large-3.jpg]
[interno-template.webflow.io/post/tips-to-increase-the-interior-value-of-your-house.html]
[interno-template.webflow.io/category/minimalist-interior.html]
[uploads-ssl.webflow.com/619cc60416b9688293f54eda/61a1bde65ff09c846e2fac58_blog-image-large-4.jpg]
[interno-template.webflow.io/post/best-solution-for-any-office-business-interior.html]
[uploads-ssl.webflow.com/619cc60416b9688293f54eda/61a1be0165af7a7b13d1d153_blog-image-large-5.jpg]
[interno-template.webflow.io/post/get-solution-for-building-construction-work-.html]
[uploads-ssl.webflow.com/619cc60416b9688293f54eda/61a1be15c0eccd1e8f164de5_blog-image-large-6.jpg]
[interno-template.webflow.io/post/attain-the-best-finish-for-the-kitchen-cabinets.html]
[interno-template.webflow.io/style-guide.html]
[interno-template.webflow.io/licenses.html]
[interno-template.webflow.io/changelog.html]
[interno-template.webflow.io/401.html]
[interno-template.webflow.io/404.html]
[interno-template.webflow.io/project/minimalistic-bedroom-interior.html]
[interno-template.webflow.io/project/reading-area-gardening.html]
